src/frontend/src/components/Admin/UserManagement.tsx(2,10): error TS2305: Module '"../../services/api"' has no exported member 'fetchUsers'.
src/frontend/src/components/Profile/ActivityTab.tsx(3,30): error TS2307: Cannot find module '../../../utils/mockData' or its corresponding type declarations.
